// Jest Snapshot v1, https://goo.gl/fbAQLP

exports[`Counter UI 카운터 페이지 스냅샷 렌더 테스트 1`] = `
{
  "asFragment": [Function],
  "baseElement": <body>
    <div>
      <div
        style="width: 500px; padding: 10px; border: 1px solid green; margin: 0px auto;"
      >
        <h2>
          Zustand Count Store
        </h2>
        <div
          data-testid="count"
        >
          0
        </div>
        <button>
          +
        </button>
        <button>
          -
        </button>
        <button>
          x2
        </button>
        <button>
          /2
        </button>
      </div>
    </div>
  </body>,
  "container": <div>
    <div
      style="width: 500px; padding: 10px; border: 1px solid green; margin: 0px auto;"
    >
      <h2>
        Zustand Count Store
      </h2>
      <div
        data-testid="count"
      >
        0
      </div>
      <button>
        +
      </button>
      <button>
        -
      </button>
      <button>
        x2
      </button>
      <button>
        /2
      </button>
    </div>
  </div>,
  "debug": [Function],
  "findAllByAltText": [Function],
  "findAllByDisplayValue": [Function],
  "findAllByLabelText": [Function],
  "findAllByPlaceholderText": [Function],
  "findAllByRole": [Function],
  "findAllByTestId": [Function],
  "findAllByText": [Function],
  "findAllByTitle": [Function],
  "findByAltText": [Function],
  "findByDisplayValue": [Function],
  "findByLabelText": [Function],
  "findByPlaceholderText": [Function],
  "findByRole": [Function],
  "findByTestId": [Function],
  "findByText": [Function],
  "findByTitle": [Function],
  "getAllByAltText": [Function],
  "getAllByDisplayValue": [Function],
  "getAllByLabelText": [Function],
  "getAllByPlaceholderText": [Function],
  "getAllByRole": [Function],
  "getAllByTestId": [Function],
  "getAllByText": [Function],
  "getAllByTitle": [Function],
  "getByAltText": [Function],
  "getByDisplayValue": [Function],
  "getByLabelText": [Function],
  "getByPlaceholderText": [Function],
  "getByRole": [Function],
  "getByTestId": [Function],
  "getByText": [Function],
  "getByTitle": [Function],
  "queryAllByAltText": [Function],
  "queryAllByDisplayValue": [Function],
  "queryAllByLabelText": [Function],
  "queryAllByPlaceholderText": [Function],
  "queryAllByRole": [Function],
  "queryAllByTestId": [Function],
  "queryAllByText": [Function],
  "queryAllByTitle": [Function],
  "queryByAltText": [Function],
  "queryByDisplayValue": [Function],
  "queryByLabelText": [Function],
  "queryByPlaceholderText": [Function],
  "queryByRole": [Function],
  "queryByTestId": [Function],
  "queryByText": [Function],
  "queryByTitle": [Function],
  "rerender": [Function],
  "unmount": [Function],
}
`;
